
> stellarsplit-frontend@1.0.0 test
> vitest run


[7m[1m[36m RUN [39m[22m[27m [36mv1.6.1[39m [90mF:/vedang/1-StellarSplit/frontend[39m

node.exe : [90mstderr[2m | src/__tests__/BalanceCard.test.jsx[2m > [22m[2mBalanceCard[2m > 
[22m[2mrenders balance header when public key is provided[22m[39m
At line:1 char:1
+ & "C:\Program Files\nodejs/node.exe" "C:\Program Files\nodejs/node_mo ...
+ ~~~~~~~~~~~~~~~~~~~~~~~~~~~~~~~~~~~~~~~~~~~~~~~~~~~~~~~~~~~~~~~~~~~~~
    + CategoryInfo          : NotSpecified: ([90mstderr[2m...vided[22m[39m:String) [], RemoteException
    + FullyQualifiedErrorId : NativeCommandError
 
Warning: An update to BalanceCard inside a test was not wrapped in act(...).

When testing, code that causes React state updates should be wrapped into act(...):

act(() => {
  /* fire events that update state */
});
/* assert on the output */

This ensures that you're testing the behavior the user would see in the browser. Learn more at 
https://reactjs.org/link/wrap-tests-with-act
    at BalanceCard (F:\vedang\1-StellarSplit\frontend\src\components\BalanceCard.jsx:7:24)
Warning: An update to BalanceCard inside a test was not wrapped in act(...).

When testing, code that causes React state updates should be wrapped into act(...):

act(() => {
  /* fire events that update state */
});
/* assert on the output */

This ensures that you're testing the behavior the user would see in the browser. Learn more at 
https://reactjs.org/link/wrap-tests-with-act
    at BalanceCard (F:\vedang\1-StellarSplit\frontend\src\components\BalanceCard.jsx:7:24)

 [32mΓ£ô[39m src/__tests__/BalanceCard.test.jsx [2m ([22m[2m2 tests[22m[2m)[22m[90m 92[2mms[22m[39m
 [32mΓ£ô[39m src/__tests__/SendXLMForm.test.jsx [2m ([22m[2m2 tests[22m[2m)[22m[90m 99[2mms[22m[39m
 [32mΓ£ô[39m src/__tests__/WalletCard.test.jsx [2m ([22m[2m2 tests[22m[2m)[22m[90m 135[2mms[22m[39m

[2m Test Files [22m [1m[32m3 passed[39m[22m[90m (3)[39m
[2m      Tests [22m [1m[32m6 passed[39m[22m[90m (6)[39m
[2m   Start at [22m 02:39:23
[2m   Duration [22m 14.77s[2m (transform 1.44s, setup 3.62s, collect 14.45s, tests 326ms, environment 5.83s, prepare 4.71s)[22m

